******************************************************************************
                  TI ARM Linker PC v20.2.5                     
******************************************************************************
>> Linked Sun Nov 28 14:15:56 2021

OUTPUT FILE NAME:   <AspectosBasicos1.out>
ENTRY POINT SYMBOL: "_c_int00_noargs"  address: 00002c7d


MEMORY CONFIGURATION

         name            origin    length      used     unused   attr    fill
----------------------  --------  ---------  --------  --------  ----  --------
  MAIN                  00000000   00040000  00003081  0003cf7f  R  X
  INFO                  00200000   00004000  00000000  00004000  R  X
  SRAM_CODE             01000000   00010000  000009b4  0000f64c  RW X
  SRAM_DATA             20000000   00010000  000009b4  0000f64c  RW  


SEGMENT ALLOCATION MAP

run origin  load origin   length   init length attrs members
----------  ----------- ---------- ----------- ----- -------
00000000    00000000    00003088   00003088    r-x
  00000000    00000000    000000e4   000000e4    r-- .intvecs
  000000e4    000000e4    00002e04   00002e04    r-x .text
  00002ee8    00002ee8    00000101   00000101    r-- .const
  00002ff0    00002ff0    00000098   00000098    r-- .cinit
20000000    20000000    000007b4   00000000    rw-
  20000000    20000000    00000400   00000000    rw- .sysmem
  20000400    20000400    000001ec   00000000    rw- .data
  200005ec    200005ec    000001c8   00000000    rw- .bss
2000fe00    2000fe00    00000200   00000000    rw-
  2000fe00    2000fe00    00000200   00000000    rw- .stack


SECTION ALLOCATION MAP

 output                                  attributes/
section   page    origin      length       input sections
--------  ----  ----------  ----------   ----------------
.intvecs   0    00000000    000000e4     
                  00000000    000000e4     startup_msp432p401r_ccs.obj (.intvecs:retain)

.text      0    000000e4    00002e04     
                  000000e4    00000a4e     rtsv7M4_T_le_v4SPD16_eabi.lib : _printfi.c.obj (.text:__TI_printfi)
                  00000b32    00000002                                   : _lock.c.obj (.text:_nop)
                  00000b34    00000334     system_msp432p401r.obj (.text)
                  00000e68    00000270     rtsv7M4_T_le_v4SPD16_eabi.lib : _printfi.c.obj (.text:_pconv_a)
                  000010d8    000001d0                                   : _printfi.c.obj (.text:_pconv_g)
                  000012a8    000001b6                                   : fd_add_t2.asm.obj (.text)
                  0000145e    00000002                                   : div0.asm.obj (.text)
                  00001460    0000013c                                   : _printfi.c.obj (.text:_pconv_e)
                  0000159c    00000136                                   : fd_div_t2.asm.obj (.text)
                  000016d2    00000002     --HOLE-- [fill = 0]
                  000016d4    00000124                                   : _printfi.c.obj (.text:fcvt)
                  000017f8    00000114                                   : fputs.c.obj (.text:fputs)
                  0000190c    00000110                                   : s_scalbn.c.obj (.text:scalbn)
                  00001a1c    00000100                                   : memory.c.obj (.text:aligned_alloc)
                  00001b1c    000000fc                                   : fd_mul_t2.asm.obj (.text)
                  00001c18    000000e4                                   : memory.c.obj (.text:free)
                  00001cfc    000000dc                                   : setvbuf.c.obj (.text:setvbuf)
                  00001dd8    000000b1                                   : _printfi.c.obj (.text:_ltostr)
                  00001e89    00000001     --HOLE-- [fill = 0]
                  00001e8a    0000009c                                   : memcpy_t2.asm.obj (.text)
                  00001f26    00000096                                   : ull_div_t2.asm.obj (.text)
                  00001fbc    0000008c                                   : fputc.c.obj (.text:fputc)
                  00002048    00000086                                   : fd_cmp_t2.asm.obj (.text:__aeabi_cdcmple)
                  000020ce    00000086                                   : fd_cmp_t2.asm.obj (.text:__aeabi_cdrcmple)
                  00002154    0000007a                                   : memset_t2.asm.obj (.text)
                  000021ce    00000002     --HOLE-- [fill = 0]
                  000021d0    00000074                                   : fclose.c.obj (.text:__TI_closefile)
                  00002244    00000070                                   : memory.c.obj (.text:split)
                  000022b4    0000006e                                   : _printfi.c.obj (.text:_mcpy)
                  00002322    00000002     --HOLE-- [fill = 0]
                  00002324    0000006c                                   : hostrename.c.obj (.text:HOSTrename)
                  00002390    0000006a     clase_gpio.obj (.text)
                  000023fa    00000002     --HOLE-- [fill = 0]
                  000023fc    00000068     rtsv7M4_T_le_v4SPD16_eabi.lib : hostlseek.c.obj (.text:HOSTlseek)
                  00002464    00000068                                   : copy_decompress_lzss.c.obj (.text:decompress:lzss:__TI_decompress_lzss)
                  000024cc    00000068                                   : printf.c.obj (.text:printf)
                  00002534    00000064                                   : s_frexp.c.obj (.text:frexp)
                  00002598    00000064                                   : fseek.c.obj (.text:fseek)
                  000025fc    00000064     main.obj (.text)
                  00002660    00000062     rtsv7M4_T_le_v4SPD16_eabi.lib : _io_perm.c.obj (.text:__TI_wrt_ok)
                  000026c2    00000002     --HOLE-- [fill = 0]
                  000026c4    00000060                                   : hostopen.c.obj (.text:HOSTopen)
                  00002724    0000005c                                   : close.c.obj (.text:close)
                  00002780    00000058                                   : hostread.c.obj (.text:HOSTread)
                  000027d8    00000058                                   : hostwrite.c.obj (.text:HOSTwrite)
                  00002830    00000056                                   : _printfi.c.obj (.text:_pconv_f)
                  00002886    00000054                                   : _ltoa.c.obj (.text:__TI_ltoa)
                  000028da    00000052                                   : _printfi.c.obj (.text:_ecpy)
                  0000292c    0000004c                                   : fflush.c.obj (.text:__TI_doflush)
                  00002978    0000004c                                   : atoi.c.obj (.text:atoi)
                  000029c4    00000048                                   : exit.c.obj (.text:exit)
                  00002a0c    00000048                                   : fd_toi_t2.asm.obj (.text)
                  00002a54    00000044                                   : hostclose.c.obj (.text:HOSTclose)
                  00002a98    00000044                                   : hostunlink.c.obj (.text:HOSTunlink)
                  00002adc    00000044                                   : autoinit.c.obj (.text:__TI_auto_init_nobinit_nopinit:__TI_auto_init_nobinit_nopinit)
                  00002b20    00000044                                   : getdevice.c.obj (.text:getdevice)
                  00002b64    0000003e                                   : _printfi.c.obj (.text:_fcpy)
                  00002ba2    00000002     --HOLE-- [fill = 0]
                  00002ba4    00000038                                   : trgmsg.c.obj (.text:__TI_writemsg)
                  00002bdc    00000036                                   : strncpy.c.obj (.text:strncpy)
                  00002c12    00000002     --HOLE-- [fill = 0]
                  00002c14    00000034                                   : fopen.c.obj (.text:__TI_cleanup)
                  00002c48    00000034                                   : trgmsg.c.obj (.text:__TI_readmsg)
                  00002c7c    00000034                                   : boot_cortex_m.c.obj (.text:_c_int00_noargs:_c_int00_noargs)
                  00002cb0    00000030                                   : getdevice.c.obj (.text:finddevice)
                  00002ce0    0000002e                                   : i_tofd_t2.asm.obj (.text)
                  00002d0e    00000002     --HOLE-- [fill = 0]
                  00002d10    0000002c                                   : unlink.c.obj (.text:unlink)
                  00002d3c    00000028                                   : memory.c.obj (.text:free_list_insert)
                  00002d64    00000028                                   : lseek.c.obj (.text:lseek)
                  00002d8c    00000028                                   : write.c.obj (.text:write)
                  00002db4    00000020                                   : memchr.c.obj (.text:memchr)
                  00002dd4    0000001c                                   : copy_zero_init.c.obj (.text:decompress:ZI:__TI_zero_init_nomemset:__TI_zero_init_nomemset)
                  00002df0    0000001c                                   : memory.c.obj (.text:free_list_remove)
                  00002e0c    0000001c                                   : memccpy.c.obj (.text:memccpy)
                  00002e28    0000001a                                   : s_copysign.c.obj (.text:copysign)
                  00002e42    00000018                                   : strcmp.c.obj (.text:strcmp)
                  00002e5a    00000016                                   : strchr.c.obj (.text:strchr)
                  00002e70    00000014                                   : strcpy.c.obj (.text:strcpy)
                  00002e84    00000014                                   : strlen.c.obj (.text:strlen)
                  00002e98    00000012                                   : wcslen.c.obj (.text:wcslen)
                  00002eaa    0000000e                                   : copy_decompress_none.c.obj (.text:decompress:none:__TI_decompress_none)
                  00002eb8    0000000e     startup_msp432p401r_ccs.obj (.text)
                  00002ec6    00000002     --HOLE-- [fill = 0]
                  00002ec8    00000008     rtsv7M4_T_le_v4SPD16_eabi.lib : errno.c.obj (.text:__aeabi_errno_addr)
                  00002ed0    00000008                                   : memory.c.obj (.text:malloc)
                  00002ed8    00000004                                   : printf.c.obj (.text:_outc)
                  00002edc    00000004                                   : printf.c.obj (.text:_outs)
                  00002ee0    00000004                                   : pre_init.c.obj (.text:_system_pre_init)
                  00002ee4    00000004                                   : exit.c.obj (.text:abort:abort)

.const     0    00002ee8    00000101     
                  00002ee8    00000101     rtsv7M4_T_le_v4SPD16_eabi.lib : ctype.c.obj (.const:.string:_ctypes_)

.cinit     0    00002ff0    00000098     
                  00002ff0    0000006d     (.cinit..data.load) [load image, compression = lzss]
                  0000305d    00000003     --HOLE-- [fill = 0]
                  00003060    0000000c     (__TI_handler_table)
                  0000306c    00000004     --HOLE-- [fill = 0]
                  00003070    00000008     (.cinit..bss.load) [load image, compression = zero_init]
                  00003078    00000010     (__TI_cinit_table)

.init_array 
*          0    00000000    00000000     UNINITIALIZED

.binit     0    00000000    00000000     

.sysmem    0    20000000    00000400     UNINITIALIZED
                  20000000    00000010     rtsv7M4_T_le_v4SPD16_eabi.lib : memory.c.obj (.sysmem)
                  20000010    000003f0     --HOLE--

.data      0    20000400    000001ec     UNINITIALIZED
                  20000400    000000f0     rtsv7M4_T_le_v4SPD16_eabi.lib : defs.c.obj (.data:_ftable)
                  200004f0    00000078                                   : host_device.c.obj (.data:_device)
                  20000568    00000050                                   : host_device.c.obj (.data:_stream)
                  200005b8    00000010                                   : defs.c.obj (.data)
                  200005c8    0000000c                                   : exit.c.obj (.data:$O1$$)
                  200005d4    00000008                                   : _lock.c.obj (.data:$O1$$)
                  200005dc    00000008                                   : memory.c.obj (.data:$O1$$)
                  200005e4    00000004                                   : errno.c.obj (.data)
                  200005e8    00000004     system_msp432p401r.obj (.data)

.bss       0    200005ec    000001c8     UNINITIALIZED
                  200005ec    00000120     rtsv7M4_T_le_v4SPD16_eabi.lib : trgmsg.c.obj (.bss:_CIOBUF_)
                  2000070c    000000a0     (.common:__TI_tmpnams)
                  200007ac    00000008     (.common:parmbuf)

.stack     0    2000fe00    00000200     UNINITIALIZED
                  2000fe00    00000004     rtsv7M4_T_le_v4SPD16_eabi.lib : boot_cortex_m.c.obj (.stack)
                  2000fe04    000001fc     --HOLE--

__llvm_prf_cnts 
*          0    20000000    00000000     UNINITIALIZED

MODULE SUMMARY

       Module                        code    ro data   rw data
       ------                        ----    -------   -------
    .\
       system_msp432p401r.obj        820     0         8      
       startup_msp432p401r_ccs.obj   14      228       0      
       main.obj                      100     0         0      
    +--+-----------------------------+-------+---------+---------+
       Total:                        934     228       8      
                                                              
    .\drivers\
       clase_gpio.obj                106     0         0      
    +--+-----------------------------+-------+---------+---------+
       Total:                        106     0         0      
                                                              
    C:\ti_v10_1\ccs\tools\compiler\ti-cgt-arm_20.2.5.LTS\lib\rtsv7M4_T_le_v4SPD16_eabi.lib
       _printfi.c.obj                4851    0         0      
       defs.c.obj                    0       0         832    
       memory.c.obj                  672     0         16     
       trgmsg.c.obj                  108     0         576    
       fd_add_t2.asm.obj             438     0         0      
       host_device.c.obj             0       0         400    
       fd_div_t2.asm.obj             310     0         0      
       fputs.c.obj                   276     0         0      
       s_scalbn.c.obj                272     0         0      
       fd_cmp_t2.asm.obj             268     0         0      
       ctype.c.obj                   0       257       0      
       fd_mul_t2.asm.obj             252     0         0      
       setvbuf.c.obj                 220     0         0      
       memcpy_t2.asm.obj             156     0         0      
       ull_div_t2.asm.obj            150     0         0      
       fputc.c.obj                   140     0         0      
       memset_t2.asm.obj             122     0         0      
       fclose.c.obj                  116     0         0      
       getdevice.c.obj               116     0         0      
       hostopen.c.obj                96      0         16     
       printf.c.obj                  112     0         0      
       hostrename.c.obj              108     0         0      
       copy_decompress_lzss.c.obj    104     0         0      
       hostlseek.c.obj               104     0         0      
       exit.c.obj                    76      0         24     
       fseek.c.obj                   100     0         0      
       s_frexp.c.obj                 100     0         0      
       _io_perm.c.obj                98      0         0      
       close.c.obj                   92      0         0      
       hostread.c.obj                88      0         0      
       hostwrite.c.obj               88      0         0      
       _ltoa.c.obj                   84      0         0      
       atoi.c.obj                    76      0         0      
       fflush.c.obj                  76      0         0      
       fd_toi_t2.asm.obj             72      0         0      
       autoinit.c.obj                68      0         0      
       hostclose.c.obj               68      0         0      
       hostunlink.c.obj              68      0         0      
       strncpy.c.obj                 54      0         0      
       boot_cortex_m.c.obj           52      0         0      
       fopen.c.obj                   52      0         0      
       i_tofd_t2.asm.obj             46      0         0      
       unlink.c.obj                  44      0         0      
       lseek.c.obj                   40      0         0      
       write.c.obj                   40      0         0      
       memchr.c.obj                  32      0         0      
       copy_zero_init.c.obj          28      0         0      
       memccpy.c.obj                 28      0         0      
       s_copysign.c.obj              26      0         0      
       strcmp.c.obj                  24      0         0      
       strchr.c.obj                  22      0         0      
       strcpy.c.obj                  20      0         0      
       strlen.c.obj                  20      0         0      
       _lock.c.obj                   2       0         16     
       wcslen.c.obj                  18      0         0      
       errno.c.obj                   8       0         8      
       copy_decompress_none.c.obj    14      0         0      
       pre_init.c.obj                4       0         0      
       div0.asm.obj                  2       0         0      
    +--+-----------------------------+-------+---------+---------+
       Total:                        10721   257       1888   
                                                              
       Heap:                         0       0         2048   
       Stack:                        0       0         1024   
       Linker Generated:             0       145       0      
    +--+-----------------------------+-------+---------+---------+
       Grand Total:                  11761   630       4968   


LINKER GENERATED COPY TABLES

__TI_cinit_table @ 00003078 records: 2, size/record: 8, table size: 16
	.data: load addr=00002ff0, load size=0000006d bytes, run addr=20000400, run size=000001ec bytes, compression=lzss
	.bss: load addr=00003070, load size=00000008 bytes, run addr=200005ec, run size=000001c8 bytes, compression=zero_init


LINKER GENERATED HANDLER TABLE

__TI_handler_table @ 00003060 records: 3, size/record: 4, table size: 12
	index: 0, handler: __TI_decompress_lzss
	index: 1, handler: __TI_decompress_none
	index: 2, handler: __TI_zero_init


GLOBAL SYMBOLS: SORTED ALPHABETICALLY BY Name 

address   name                           
-------   ----                           
00002ec5  ADC14_IRQHandler               
00002ec5  AES256_IRQHandler              
00002ec5  BusFault_Handler               
00002ee5  C$$EXIT                        
00002bd3  C$$IO$$                        
00002ec5  COMP_E0_IRQHandler             
00002ec5  COMP_E1_IRQHandler             
00002ec5  CS_IRQHandler                  
00002ec5  DMA_ERR_IRQHandler             
00002ec5  DMA_INT0_IRQHandler            
00002ec5  DMA_INT1_IRQHandler            
00002ec5  DMA_INT2_IRQHandler            
00002ec5  DMA_INT3_IRQHandler            
00002ec5  DebugMon_Handler               
00002ec5  Default_Handler                
00002ec5  EUSCIA0_IRQHandler             
00002ec5  EUSCIA1_IRQHandler             
00002ec5  EUSCIA2_IRQHandler             
00002ec5  EUSCIA3_IRQHandler             
00002ec5  EUSCIB0_IRQHandler             
00002ec5  EUSCIB1_IRQHandler             
00002ec5  EUSCIB2_IRQHandler             
00002ec5  EUSCIB3_IRQHandler             
00002ec5  FLCTL_IRQHandler               
00002ec5  FPU_IRQHandler                 
00002a55  HOSTclose                      
000023fd  HOSTlseek                      
000026c5  HOSTopen                       
00002781  HOSTread                       
00002325  HOSTrename                     
00002a99  HOSTunlink                     
000027d9  HOSTwrite                      
00002ec5  HardFault_Handler              
00002ec5  MemManage_Handler              
00002ec5  NMI_Handler                    
00002ec5  PCM_IRQHandler                 
00002ec5  PORT1_IRQHandler               
00002ec5  PORT2_IRQHandler               
00002ec5  PORT3_IRQHandler               
00002ec5  PORT4_IRQHandler               
00002ec5  PORT5_IRQHandler               
00002ec5  PORT6_IRQHandler               
00002ec5  PSS_IRQHandler                 
00002ec5  PendSV_Handler                 
00002ec5  RTC_C_IRQHandler               
00002eb9  Reset_Handler                  
00002ec5  SVC_Handler                    
00002ec5  SysTick_Handler                
200005e8  SystemCoreClock                
00000b35  SystemCoreClockUpdate          
00000dad  SystemInit                     
00002ec5  T32_INT1_IRQHandler            
00002ec5  T32_INT2_IRQHandler            
00002ec5  T32_INTC_IRQHandler            
00002ec5  TA0_0_IRQHandler               
00002ec5  TA0_N_IRQHandler               
00002ec5  TA1_0_IRQHandler               
00002ec5  TA1_N_IRQHandler               
00002ec5  TA2_0_IRQHandler               
00002ec5  TA2_N_IRQHandler               
00002ec5  TA3_0_IRQHandler               
00002ec5  TA3_N_IRQHandler               
00002ec5  UsageFault_Handler             
4000480c  WDTCTL_SYM                     
00002ec5  WDT_A_IRQHandler               
200005ec  __CIOBUF_                      
20010000  __STACK_END                    
00000200  __STACK_SIZE                   
00000400  __SYSMEM_SIZE                  
00003078  __TI_CINIT_Base                
00003088  __TI_CINIT_Limit               
00003060  __TI_Handler_Table_Base        
0000306c  __TI_Handler_Table_Limit       
00002add  __TI_auto_init_nobinit_nopinit 
00002c15  __TI_cleanup                   
200005c8  __TI_cleanup_ptr               
000021d1  __TI_closefile                 
00002465  __TI_decompress_lzss           
00002eab  __TI_decompress_none           
0000292d  __TI_doflush                   
200005cc  __TI_dtors_ptr                 
200005d0  __TI_enable_exit_profile_output
200005b8  __TI_ft_end                    
00002887  __TI_ltoa                      
ffffffff  __TI_pprof_out_hndl            
000000e5  __TI_printfi                   
ffffffff  __TI_prof_data_size            
ffffffff  __TI_prof_data_start           
00002c49  __TI_readmsg                   
00000000  __TI_static_base__             
2000070c  __TI_tmpnams                   
00002ba5  __TI_writemsg                  
00002661  __TI_wrt_ok                    
00002dd5  __TI_zero_init_nomemset        
00002049  __aeabi_cdcmpeq                
00002049  __aeabi_cdcmple                
000020cf  __aeabi_cdrcmple               
00002a0d  __aeabi_d2iz                   
000012b3  __aeabi_dadd                   
0000159d  __aeabi_ddiv                   
00001b1d  __aeabi_dmul                   
000012a9  __aeabi_dsub                   
00002ec9  __aeabi_errno_addr             
00002ce1  __aeabi_i2d                    
0000145f  __aeabi_idiv0                  
0000145f  __aeabi_ldiv0                  
00002155  __aeabi_memclr                 
00002155  __aeabi_memclr4                
00002155  __aeabi_memclr8                
00001e8b  __aeabi_memcpy                 
00001e8b  __aeabi_memcpy4                
00001e8b  __aeabi_memcpy8                
00002157  __aeabi_memset                 
00002157  __aeabi_memset4                
00002157  __aeabi_memset8                
200005c4  __aeabi_stderr                 
200005bc  __aeabi_stdin                  
200005c0  __aeabi_stdout                 
00001f27  __aeabi_uldivmod               
ffffffff  __binit__                      
ffffffff  __c_args__                     
UNDEFED   __mpu_init                     
2000fe00  __stack                        
20000000  __start___llvm_prf_cnts        
20000000  __stop___llvm_prf_cnts         
00002c7d  _c_int00_noargs                
00002ee8  _ctypes_                       
200004f0  _device                        
20000400  _ftable                        
200005d4  _lock                          
00000b33  _nop                           
20000568  _stream                        
20000000  _sys_memory                    
UNDEFED   _system_post_cinit             
00002ee1  _system_pre_init               
200005d8  _unlock                        
00002ee5  abort                          
00001a1d  aligned_alloc                  
00002979  atoi                           
ffffffff  binit                          
00002725  close                          
00002e29  copysign                       
00002e29  copysignl                      
200005e4  errno                          
000029c5  exit                           
00002cb1  finddevice                     
00001fbd  fputc                          
000017f9  fputs                          
00001c19  free                           
00002535  frexp                          
00002535  frexpl                         
00002599  fseek                          
00002b21  getdevice                      
00000000  interruptVectors               
0000190d  ldexp                          
0000190d  ldexpl                         
00002d65  lseek                          
000025fd  main                           
00002ed1  malloc                         
00001a1d  memalign                       
00002e0d  memccpy                        
00002db5  memchr                         
00001e8b  memcpy                         
0000215d  memset                         
000023b3  mostrar                        
200007ac  parmbuf                        
000024cd  printf                         
00001fbd  putc                           
00002d11  remove                         
0000190d  scalbn                         
0000190d  scalbnl                        
00002391  set_Gpio                       
00001cfd  setvbuf                        
00002e5b  strchr                         
00002e43  strcmp                         
00002e71  strcpy                         
00002e85  strlen                         
00002bdd  strncpy                        
00002d11  unlink                         
00002e99  wcslen                         
00002d8d  write                          


GLOBAL SYMBOLS: SORTED BY Symbol Address 

address   name                           
-------   ----                           
00000000  __TI_static_base__             
00000000  interruptVectors               
000000e5  __TI_printfi                   
00000200  __STACK_SIZE                   
00000400  __SYSMEM_SIZE                  
00000b33  _nop                           
00000b35  SystemCoreClockUpdate          
00000dad  SystemInit                     
000012a9  __aeabi_dsub                   
000012b3  __aeabi_dadd                   
0000145f  __aeabi_idiv0                  
0000145f  __aeabi_ldiv0                  
0000159d  __aeabi_ddiv                   
000017f9  fputs                          
0000190d  ldexp                          
0000190d  ldexpl                         
0000190d  scalbn                         
0000190d  scalbnl                        
00001a1d  aligned_alloc                  
00001a1d  memalign                       
00001b1d  __aeabi_dmul                   
00001c19  free                           
00001cfd  setvbuf                        
00001e8b  __aeabi_memcpy                 
00001e8b  __aeabi_memcpy4                
00001e8b  __aeabi_memcpy8                
00001e8b  memcpy                         
00001f27  __aeabi_uldivmod               
00001fbd  fputc                          
00001fbd  putc                           
00002049  __aeabi_cdcmpeq                
00002049  __aeabi_cdcmple                
000020cf  __aeabi_cdrcmple               
00002155  __aeabi_memclr                 
00002155  __aeabi_memclr4                
00002155  __aeabi_memclr8                
00002157  __aeabi_memset                 
00002157  __aeabi_memset4                
00002157  __aeabi_memset8                
0000215d  memset                         
000021d1  __TI_closefile                 
00002325  HOSTrename                     
00002391  set_Gpio                       
000023b3  mostrar                        
000023fd  HOSTlseek                      
00002465  __TI_decompress_lzss           
000024cd  printf                         
00002535  frexp                          
00002535  frexpl                         
00002599  fseek                          
000025fd  main                           
00002661  __TI_wrt_ok                    
000026c5  HOSTopen                       
00002725  close                          
00002781  HOSTread                       
000027d9  HOSTwrite                      
00002887  __TI_ltoa                      
0000292d  __TI_doflush                   
00002979  atoi                           
000029c5  exit                           
00002a0d  __aeabi_d2iz                   
00002a55  HOSTclose                      
00002a99  HOSTunlink                     
00002add  __TI_auto_init_nobinit_nopinit 
00002b21  getdevice                      
00002ba5  __TI_writemsg                  
00002bd3  C$$IO$$                        
00002bdd  strncpy                        
00002c15  __TI_cleanup                   
00002c49  __TI_readmsg                   
00002c7d  _c_int00_noargs                
00002cb1  finddevice                     
00002ce1  __aeabi_i2d                    
00002d11  remove                         
00002d11  unlink                         
00002d65  lseek                          
00002d8d  write                          
00002db5  memchr                         
00002dd5  __TI_zero_init_nomemset        
00002e0d  memccpy                        
00002e29  copysign                       
00002e29  copysignl                      
00002e43  strcmp                         
00002e5b  strchr                         
00002e71  strcpy                         
00002e85  strlen                         
00002e99  wcslen                         
00002eab  __TI_decompress_none           
00002eb9  Reset_Handler                  
00002ec5  ADC14_IRQHandler               
00002ec5  AES256_IRQHandler              
00002ec5  BusFault_Handler               
00002ec5  COMP_E0_IRQHandler             
00002ec5  COMP_E1_IRQHandler             
00002ec5  CS_IRQHandler                  
00002ec5  DMA_ERR_IRQHandler             
00002ec5  DMA_INT0_IRQHandler            
00002ec5  DMA_INT1_IRQHandler            
00002ec5  DMA_INT2_IRQHandler            
00002ec5  DMA_INT3_IRQHandler            
00002ec5  DebugMon_Handler               
00002ec5  Default_Handler                
00002ec5  EUSCIA0_IRQHandler             
00002ec5  EUSCIA1_IRQHandler             
00002ec5  EUSCIA2_IRQHandler             
00002ec5  EUSCIA3_IRQHandler             
00002ec5  EUSCIB0_IRQHandler             
00002ec5  EUSCIB1_IRQHandler             
00002ec5  EUSCIB2_IRQHandler             
00002ec5  EUSCIB3_IRQHandler             
00002ec5  FLCTL_IRQHandler               
00002ec5  FPU_IRQHandler                 
00002ec5  HardFault_Handler              
00002ec5  MemManage_Handler              
00002ec5  NMI_Handler                    
00002ec5  PCM_IRQHandler                 
00002ec5  PORT1_IRQHandler               
00002ec5  PORT2_IRQHandler               
00002ec5  PORT3_IRQHandler               
00002ec5  PORT4_IRQHandler               
00002ec5  PORT5_IRQHandler               
00002ec5  PORT6_IRQHandler               
00002ec5  PSS_IRQHandler                 
00002ec5  PendSV_Handler                 
00002ec5  RTC_C_IRQHandler               
00002ec5  SVC_Handler                    
00002ec5  SysTick_Handler                
00002ec5  T32_INT1_IRQHandler            
00002ec5  T32_INT2_IRQHandler            
00002ec5  T32_INTC_IRQHandler            
00002ec5  TA0_0_IRQHandler               
00002ec5  TA0_N_IRQHandler               
00002ec5  TA1_0_IRQHandler               
00002ec5  TA1_N_IRQHandler               
00002ec5  TA2_0_IRQHandler               
00002ec5  TA2_N_IRQHandler               
00002ec5  TA3_0_IRQHandler               
00002ec5  TA3_N_IRQHandler               
00002ec5  UsageFault_Handler             
00002ec5  WDT_A_IRQHandler               
00002ec9  __aeabi_errno_addr             
00002ed1  malloc                         
00002ee1  _system_pre_init               
00002ee5  C$$EXIT                        
00002ee5  abort                          
00002ee8  _ctypes_                       
00003060  __TI_Handler_Table_Base        
0000306c  __TI_Handler_Table_Limit       
00003078  __TI_CINIT_Base                
00003088  __TI_CINIT_Limit               
20000000  __start___llvm_prf_cnts        
20000000  __stop___llvm_prf_cnts         
20000000  _sys_memory                    
20000400  _ftable                        
200004f0  _device                        
20000568  _stream                        
200005b8  __TI_ft_end                    
200005bc  __aeabi_stdin                  
200005c0  __aeabi_stdout                 
200005c4  __aeabi_stderr                 
200005c8  __TI_cleanup_ptr               
200005cc  __TI_dtors_ptr                 
200005d0  __TI_enable_exit_profile_output
200005d4  _lock                          
200005d8  _unlock                        
200005e4  errno                          
200005e8  SystemCoreClock                
200005ec  __CIOBUF_                      
2000070c  __TI_tmpnams                   
200007ac  parmbuf                        
2000fe00  __stack                        
20010000  __STACK_END                    
4000480c  WDTCTL_SYM                     
ffffffff  __TI_pprof_out_hndl            
ffffffff  __TI_prof_data_size            
ffffffff  __TI_prof_data_start           
ffffffff  __binit__                      
ffffffff  __c_args__                     
ffffffff  binit                          
UNDEFED   __mpu_init                     
UNDEFED   _system_post_cinit             

[181 symbols]
