******************************************************************************
                  TI ARM Linker PC v20.2.7                     
******************************************************************************
>> Linked Sat Nov  9 17:19:07 2024

OUTPUT FILE NAME:   <AspectosBasicos1_Clases_Struct.out>
ENTRY POINT SYMBOL: "_c_int00_noargs"  address: 00002f25


MEMORY CONFIGURATION

         name            origin    length      used     unused   attr    fill
----------------------  --------  ---------  --------  --------  ----  --------
  MAIN                  00000000   00040000  00003329  0003ccd7  R  X
  INFO                  00200000   00004000  00000000  00004000  R  X
  SRAM_CODE             01000000   00010000  000009b4  0000f64c  RW X
  SRAM_DATA             20000000   00010000  000009b4  0000f64c  RW  


SEGMENT ALLOCATION MAP

run origin  load origin   length   init length attrs members
----------  ----------- ---------- ----------- ----- -------
00000000    00000000    00003330   00003330    r-x
  00000000    00000000    000000e4   000000e4    r-- .intvecs
  000000e4    000000e4    000030ac   000030ac    r-x .text
  00003190    00003190    00000101   00000101    r-- .const
  00003298    00003298    00000098   00000098    r-- .cinit
20000000    20000000    000007b4   00000000    rw-
  20000000    20000000    00000400   00000000    rw- .sysmem
  20000400    20000400    000001ec   00000000    rw- .data
  200005ec    200005ec    000001c8   00000000    rw- .bss
2000fe00    2000fe00    00000200   00000000    rw-
  2000fe00    2000fe00    00000200   00000000    rw- .stack


SECTION ALLOCATION MAP

 output                                  attributes/
section   page    origin      length       input sections
--------  ----  ----------  ----------   ----------------
.intvecs   0    00000000    000000e4     
                  00000000    000000e4     startup_msp432p401r_ccs.obj (.intvecs:retain)

.text      0    000000e4    000030ac     
                  000000e4    00000a4e     rtsv7M4_T_le_v4SPD16_eabi.lib : _printfi.c.obj (.text:__TI_printfi)
                  00000b32    00000002                                   : _lock.c.obj (.text:_nop)
                  00000b34    00000334     system_msp432p401r.obj (.text)
                  00000e68    00000270     rtsv7M4_T_le_v4SPD16_eabi.lib : _printfi.c.obj (.text:_pconv_a)
                  000010d8    000001d0                                   : _printfi.c.obj (.text:_pconv_g)
                  000012a8    000001b6                                   : fd_add_t2.asm.obj (.text)
                  0000145e    00000002                                   : div0.asm.obj (.text)
                  00001460    000001a0     Led.obj (.text)
                  00001600    0000014c     PushBoton.obj (.text)
                  0000174c    0000013c     rtsv7M4_T_le_v4SPD16_eabi.lib : _printfi.c.obj (.text:_pconv_e)
                  00001888    00000136                                   : fd_div_t2.asm.obj (.text)
                  000019be    00000002     --HOLE-- [fill = 0]
                  000019c0    00000124                                   : _printfi.c.obj (.text:fcvt)
                  00001ae4    00000114                                   : fputs.c.obj (.text:fputs)
                  00001bf8    00000110                                   : s_scalbn.c.obj (.text:scalbn)
                  00001d08    00000100                                   : memory.c.obj (.text:aligned_alloc)
                  00001e08    000000fc                                   : fd_mul_t2.asm.obj (.text)
                  00001f04    000000e4                                   : memory.c.obj (.text:free)
                  00001fe8    000000dc                                   : setvbuf.c.obj (.text:setvbuf)
                  000020c4    000000b1                                   : _printfi.c.obj (.text:_ltostr)
                  00002175    00000001     --HOLE-- [fill = 0]
                  00002176    0000009c                                   : memcpy_t2.asm.obj (.text)
                  00002212    00000096                                   : ull_div_t2.asm.obj (.text)
                  000022a8    0000008c                                   : fputc.c.obj (.text:fputc)
                  00002334    0000008c     main.obj (.text)
                  000023c0    00000086     rtsv7M4_T_le_v4SPD16_eabi.lib : fd_cmp_t2.asm.obj (.text:__aeabi_cdcmple)
                  00002446    00000086                                   : fd_cmp_t2.asm.obj (.text:__aeabi_cdrcmple)
                  000024cc    0000007a                                   : memset_t2.asm.obj (.text)
                  00002546    00000002     --HOLE-- [fill = 0]
                  00002548    00000074                                   : fclose.c.obj (.text:__TI_closefile)
                  000025bc    00000070                                   : memory.c.obj (.text:split)
                  0000262c    0000006e                                   : _printfi.c.obj (.text:_mcpy)
                  0000269a    00000002     --HOLE-- [fill = 0]
                  0000269c    0000006c                                   : hostrename.c.obj (.text:HOSTrename)
                  00002708    00000068                                   : hostlseek.c.obj (.text:HOSTlseek)
                  00002770    00000068                                   : copy_decompress_lzss.c.obj (.text:decompress:lzss:__TI_decompress_lzss)
                  000027d8    00000068                                   : printf.c.obj (.text:printf)
                  00002840    00000064                                   : s_frexp.c.obj (.text:frexp)
                  000028a4    00000064                                   : fseek.c.obj (.text:fseek)
                  00002908    00000062                                   : _io_perm.c.obj (.text:__TI_wrt_ok)
                  0000296a    00000002     --HOLE-- [fill = 0]
                  0000296c    00000060                                   : hostopen.c.obj (.text:HOSTopen)
                  000029cc    0000005c                                   : close.c.obj (.text:close)
                  00002a28    00000058                                   : hostread.c.obj (.text:HOSTread)
                  00002a80    00000058                                   : hostwrite.c.obj (.text:HOSTwrite)
                  00002ad8    00000056                                   : _printfi.c.obj (.text:_pconv_f)
                  00002b2e    00000054                                   : _ltoa.c.obj (.text:__TI_ltoa)
                  00002b82    00000052                                   : _printfi.c.obj (.text:_ecpy)
                  00002bd4    0000004c                                   : fflush.c.obj (.text:__TI_doflush)
                  00002c20    0000004c                                   : atoi.c.obj (.text:atoi)
                  00002c6c    00000048                                   : exit.c.obj (.text:exit)
                  00002cb4    00000048                                   : fd_toi_t2.asm.obj (.text)
                  00002cfc    00000044                                   : hostclose.c.obj (.text:HOSTclose)
                  00002d40    00000044                                   : hostunlink.c.obj (.text:HOSTunlink)
                  00002d84    00000044                                   : autoinit.c.obj (.text:__TI_auto_init_nobinit_nopinit:__TI_auto_init_nobinit_nopinit)
                  00002dc8    00000044                                   : getdevice.c.obj (.text:getdevice)
                  00002e0c    0000003e                                   : _printfi.c.obj (.text:_fcpy)
                  00002e4a    00000002     --HOLE-- [fill = 0]
                  00002e4c    00000038                                   : trgmsg.c.obj (.text:__TI_writemsg)
                  00002e84    00000036                                   : strncpy.c.obj (.text:strncpy)
                  00002eba    00000002     --HOLE-- [fill = 0]
                  00002ebc    00000034                                   : fopen.c.obj (.text:__TI_cleanup)
                  00002ef0    00000034                                   : trgmsg.c.obj (.text:__TI_readmsg)
                  00002f24    00000034                                   : boot_cortex_m.c.obj (.text:_c_int00_noargs:_c_int00_noargs)
                  00002f58    00000030                                   : getdevice.c.obj (.text:finddevice)
                  00002f88    0000002e                                   : i_tofd_t2.asm.obj (.text)
                  00002fb6    00000002     --HOLE-- [fill = 0]
                  00002fb8    0000002c                                   : unlink.c.obj (.text:unlink)
                  00002fe4    00000028                                   : memory.c.obj (.text:free_list_insert)
                  0000300c    00000028                                   : lseek.c.obj (.text:lseek)
                  00003034    00000028                                   : write.c.obj (.text:write)
                  0000305c    00000020                                   : memchr.c.obj (.text:memchr)
                  0000307c    0000001c                                   : copy_zero_init.c.obj (.text:decompress:ZI:__TI_zero_init_nomemset:__TI_zero_init_nomemset)
                  00003098    0000001c                                   : memory.c.obj (.text:free_list_remove)
                  000030b4    0000001c                                   : memccpy.c.obj (.text:memccpy)
                  000030d0    0000001a                                   : s_copysign.c.obj (.text:copysign)
                  000030ea    00000018                                   : strcmp.c.obj (.text:strcmp)
                  00003102    00000016                                   : strchr.c.obj (.text:strchr)
                  00003118    00000014                                   : strcpy.c.obj (.text:strcpy)
                  0000312c    00000014                                   : strlen.c.obj (.text:strlen)
                  00003140    00000012                                   : wcslen.c.obj (.text:wcslen)
                  00003152    0000000e                                   : copy_decompress_none.c.obj (.text:decompress:none:__TI_decompress_none)
                  00003160    0000000e     startup_msp432p401r_ccs.obj (.text)
                  0000316e    00000002     --HOLE-- [fill = 0]
                  00003170    00000008     rtsv7M4_T_le_v4SPD16_eabi.lib : errno.c.obj (.text:__aeabi_errno_addr)
                  00003178    00000008                                   : memory.c.obj (.text:malloc)
                  00003180    00000004                                   : printf.c.obj (.text:_outc)
                  00003184    00000004                                   : printf.c.obj (.text:_outs)
                  00003188    00000004                                   : pre_init.c.obj (.text:_system_pre_init)
                  0000318c    00000004                                   : exit.c.obj (.text:abort:abort)

.const     0    00003190    00000101     
                  00003190    00000101     rtsv7M4_T_le_v4SPD16_eabi.lib : ctype.c.obj (.const:.string:_ctypes_)

.cinit     0    00003298    00000098     
                  00003298    0000006d     (.cinit..data.load) [load image, compression = lzss]
                  00003305    00000003     --HOLE-- [fill = 0]
                  00003308    0000000c     (__TI_handler_table)
                  00003314    00000004     --HOLE-- [fill = 0]
                  00003318    00000008     (.cinit..bss.load) [load image, compression = zero_init]
                  00003320    00000010     (__TI_cinit_table)

.init_array 
*          0    00000000    00000000     UNINITIALIZED

.binit     0    00000000    00000000     

.sysmem    0    20000000    00000400     UNINITIALIZED
                  20000000    00000010     rtsv7M4_T_le_v4SPD16_eabi.lib : memory.c.obj (.sysmem)
                  20000010    000003f0     --HOLE--

.data      0    20000400    000001ec     UNINITIALIZED
                  20000400    000000f0     rtsv7M4_T_le_v4SPD16_eabi.lib : defs.c.obj (.data:_ftable)
                  200004f0    00000078                                   : host_device.c.obj (.data:_device)
                  20000568    00000050                                   : host_device.c.obj (.data:_stream)
                  200005b8    00000010                                   : defs.c.obj (.data)
                  200005c8    0000000c                                   : exit.c.obj (.data:$O1$$)
                  200005d4    00000008                                   : _lock.c.obj (.data:$O1$$)
                  200005dc    00000008                                   : memory.c.obj (.data:$O1$$)
                  200005e4    00000004                                   : errno.c.obj (.data)
                  200005e8    00000004     system_msp432p401r.obj (.data)

.bss       0    200005ec    000001c8     UNINITIALIZED
                  200005ec    00000120     rtsv7M4_T_le_v4SPD16_eabi.lib : trgmsg.c.obj (.bss:_CIOBUF_)
                  2000070c    000000a0     (.common:__TI_tmpnams)
                  200007ac    00000008     (.common:parmbuf)

.stack     0    2000fe00    00000200     UNINITIALIZED
                  2000fe00    00000004     rtsv7M4_T_le_v4SPD16_eabi.lib : boot_cortex_m.c.obj (.stack)
                  2000fe04    000001fc     --HOLE--

__llvm_prf_cnts 
*          0    20000000    00000000     UNINITIALIZED

MODULE SUMMARY

       Module                        code    ro data   rw data
       ------                        ----    -------   -------
    .\
       system_msp432p401r.obj        820     0         8      
       startup_msp432p401r_ccs.obj   14      228       0      
       main.obj                      140     0         0      
    +--+-----------------------------+-------+---------+---------+
       Total:                        974     228       8      
                                                              
    .\clases\
       Led.obj                       416     0         0      
       PushBoton.obj                 332     0         0      
    +--+-----------------------------+-------+---------+---------+
       Total:                        748     0         0      
                                                              
    D:\ti\ccs1250\ccs\tools\compiler\ti-cgt-arm_20.2.7.LTS\lib\rtsv7M4_T_le_v4SPD16_eabi.lib
       _printfi.c.obj                4851    0         0      
       defs.c.obj                    0       0         832    
       memory.c.obj                  672     0         16     
       trgmsg.c.obj                  108     0         576    
       fd_add_t2.asm.obj             438     0         0      
       host_device.c.obj             0       0         400    
       fd_div_t2.asm.obj             310     0         0      
       fputs.c.obj                   276     0         0      
       s_scalbn.c.obj                272     0         0      
       fd_cmp_t2.asm.obj             268     0         0      
       ctype.c.obj                   0       257       0      
       fd_mul_t2.asm.obj             252     0         0      
       setvbuf.c.obj                 220     0         0      
       memcpy_t2.asm.obj             156     0         0      
       ull_div_t2.asm.obj            150     0         0      
       fputc.c.obj                   140     0         0      
       memset_t2.asm.obj             122     0         0      
       fclose.c.obj                  116     0         0      
       getdevice.c.obj               116     0         0      
       hostopen.c.obj                96      0         16     
       printf.c.obj                  112     0         0      
       hostrename.c.obj              108     0         0      
       copy_decompress_lzss.c.obj    104     0         0      
       hostlseek.c.obj               104     0         0      
       exit.c.obj                    76      0         24     
       fseek.c.obj                   100     0         0      
       s_frexp.c.obj                 100     0         0      
       _io_perm.c.obj                98      0         0      
       close.c.obj                   92      0         0      
       hostread.c.obj                88      0         0      
       hostwrite.c.obj               88      0         0      
       _ltoa.c.obj                   84      0         0      
       atoi.c.obj                    76      0         0      
       fflush.c.obj                  76      0         0      
       fd_toi_t2.asm.obj             72      0         0      
       autoinit.c.obj                68      0         0      
       hostclose.c.obj               68      0         0      
       hostunlink.c.obj              68      0         0      
       strncpy.c.obj                 54      0         0      
       boot_cortex_m.c.obj           52      0         0      
       fopen.c.obj                   52      0         0      
       i_tofd_t2.asm.obj             46      0         0      
       unlink.c.obj                  44      0         0      
       lseek.c.obj                   40      0         0      
       write.c.obj                   40      0         0      
       memchr.c.obj                  32      0         0      
       copy_zero_init.c.obj          28      0         0      
       memccpy.c.obj                 28      0         0      
       s_copysign.c.obj              26      0         0      
       strcmp.c.obj                  24      0         0      
       strchr.c.obj                  22      0         0      
       strcpy.c.obj                  20      0         0      
       strlen.c.obj                  20      0         0      
       _lock.c.obj                   2       0         16     
       wcslen.c.obj                  18      0         0      
       errno.c.obj                   8       0         8      
       copy_decompress_none.c.obj    14      0         0      
       pre_init.c.obj                4       0         0      
       div0.asm.obj                  2       0         0      
    +--+-----------------------------+-------+---------+---------+
       Total:                        10721   257       1888   
                                                              
       Heap:                         0       0         2048   
       Stack:                        0       0         1024   
       Linker Generated:             0       145       0      
    +--+-----------------------------+-------+---------+---------+
       Grand Total:                  12443   630       4968   


LINKER GENERATED COPY TABLES

__TI_cinit_table @ 00003320 records: 2, size/record: 8, table size: 16
	.data: load addr=00003298, load size=0000006d bytes, run addr=20000400, run size=000001ec bytes, compression=lzss
	.bss: load addr=00003318, load size=00000008 bytes, run addr=200005ec, run size=000001c8 bytes, compression=zero_init


LINKER GENERATED HANDLER TABLE

__TI_handler_table @ 00003308 records: 3, size/record: 4, table size: 12
	index: 0, handler: __TI_decompress_lzss
	index: 1, handler: __TI_decompress_none
	index: 2, handler: __TI_zero_init


GLOBAL SYMBOLS: SORTED ALPHABETICALLY BY Name 

address   name                           
-------   ----                           
0000316d  ADC14_IRQHandler               
0000316d  AES256_IRQHandler              
0000316d  BusFault_Handler               
0000318d  C$$EXIT                        
00002e7b  C$$IO$$                        
0000316d  COMP_E0_IRQHandler             
0000316d  COMP_E1_IRQHandler             
0000316d  CS_IRQHandler                  
0000316d  DMA_ERR_IRQHandler             
0000316d  DMA_INT0_IRQHandler            
0000316d  DMA_INT1_IRQHandler            
0000316d  DMA_INT2_IRQHandler            
0000316d  DMA_INT3_IRQHandler            
0000316d  DebugMon_Handler               
0000316d  Default_Handler                
0000316d  EUSCIA0_IRQHandler             
0000316d  EUSCIA1_IRQHandler             
0000316d  EUSCIA2_IRQHandler             
0000316d  EUSCIA3_IRQHandler             
0000316d  EUSCIB0_IRQHandler             
0000316d  EUSCIB1_IRQHandler             
0000316d  EUSCIB2_IRQHandler             
0000316d  EUSCIB3_IRQHandler             
0000316d  FLCTL_IRQHandler               
0000316d  FPU_IRQHandler                 
00002cfd  HOSTclose                      
00002709  HOSTlseek                      
0000296d  HOSTopen                       
00002a29  HOSTread                       
0000269d  HOSTrename                     
00002d41  HOSTunlink                     
00002a81  HOSTwrite                      
0000316d  HardFault_Handler              
0000316d  MemManage_Handler              
0000316d  NMI_Handler                    
0000316d  PCM_IRQHandler                 
0000316d  PORT1_IRQHandler               
0000316d  PORT2_IRQHandler               
0000316d  PORT3_IRQHandler               
0000316d  PORT4_IRQHandler               
0000316d  PORT5_IRQHandler               
0000316d  PORT6_IRQHandler               
0000316d  PSS_IRQHandler                 
0000316d  PendSV_Handler                 
0000316d  RTC_C_IRQHandler               
00003161  Reset_Handler                  
0000316d  SVC_Handler                    
0000316d  SysTick_Handler                
200005e8  SystemCoreClock                
00000b35  SystemCoreClockUpdate          
00000dad  SystemInit                     
0000316d  T32_INT1_IRQHandler            
0000316d  T32_INT2_IRQHandler            
0000316d  T32_INTC_IRQHandler            
0000316d  TA0_0_IRQHandler               
0000316d  TA0_N_IRQHandler               
0000316d  TA1_0_IRQHandler               
0000316d  TA1_N_IRQHandler               
0000316d  TA2_0_IRQHandler               
0000316d  TA2_N_IRQHandler               
0000316d  TA3_0_IRQHandler               
0000316d  TA3_N_IRQHandler               
0000316d  UsageFault_Handler             
4000480c  WDTCTL_SYM                     
0000316d  WDT_A_IRQHandler               
200005ec  __CIOBUF_                      
20010000  __STACK_END                    
00000200  __STACK_SIZE                   
00000400  __SYSMEM_SIZE                  
00003320  __TI_CINIT_Base                
00003330  __TI_CINIT_Limit               
00003308  __TI_Handler_Table_Base        
00003314  __TI_Handler_Table_Limit       
00002d85  __TI_auto_init_nobinit_nopinit 
00002ebd  __TI_cleanup                   
200005c8  __TI_cleanup_ptr               
00002549  __TI_closefile                 
00002771  __TI_decompress_lzss           
00003153  __TI_decompress_none           
00002bd5  __TI_doflush                   
200005cc  __TI_dtors_ptr                 
200005d0  __TI_enable_exit_profile_output
200005b8  __TI_ft_end                    
00002b2f  __TI_ltoa                      
ffffffff  __TI_pprof_out_hndl            
000000e5  __TI_printfi                   
ffffffff  __TI_prof_data_size            
ffffffff  __TI_prof_data_start           
00002ef1  __TI_readmsg                   
00000000  __TI_static_base__             
2000070c  __TI_tmpnams                   
00002e4d  __TI_writemsg                  
00002909  __TI_wrt_ok                    
0000307d  __TI_zero_init_nomemset        
000023c1  __aeabi_cdcmpeq                
000023c1  __aeabi_cdcmple                
00002447  __aeabi_cdrcmple               
00002cb5  __aeabi_d2iz                   
000012b3  __aeabi_dadd                   
00001889  __aeabi_ddiv                   
00001e09  __aeabi_dmul                   
000012a9  __aeabi_dsub                   
00003171  __aeabi_errno_addr             
00002f89  __aeabi_i2d                    
0000145f  __aeabi_idiv0                  
0000145f  __aeabi_ldiv0                  
000024cd  __aeabi_memclr                 
000024cd  __aeabi_memclr4                
000024cd  __aeabi_memclr8                
00002177  __aeabi_memcpy                 
00002177  __aeabi_memcpy4                
00002177  __aeabi_memcpy8                
000024cf  __aeabi_memset                 
000024cf  __aeabi_memset4                
000024cf  __aeabi_memset8                
200005c4  __aeabi_stderr                 
200005bc  __aeabi_stdin                  
200005c0  __aeabi_stdout                 
00002213  __aeabi_uldivmod               
ffffffff  __binit__                      
ffffffff  __c_args__                     
UNDEFED   __mpu_init                     
2000fe00  __stack                        
20000000  __start___llvm_prf_cnts        
20000000  __stop___llvm_prf_cnts         
00002f25  _c_int00_noargs                
00003190  _ctypes_                       
200004f0  _device                        
20000400  _ftable                        
200005d4  _lock                          
00000b33  _nop                           
20000568  _stream                        
20000000  _sys_memory                    
UNDEFED   _system_post_cinit             
00003189  _system_pre_init               
200005d8  _unlock                        
0000318d  abort                          
00001d09  aligned_alloc                  
0000155b  apagar                         
00002c21  atoi                           
ffffffff  binit                          
000029cd  close                          
000030d1  copysign                       
000030d1  copysignl                      
0000151f  encender                       
200005e4  errno                          
00002c6d  exit                           
00002f59  finddevice                     
000022a9  fputc                          
00001ae5  fputs                          
00001f05  free                           
00002841  frexp                          
00002841  frexpl                         
000028a5  fseek                          
00002dc9  getdevice                      
00000000  interruptVectors               
00001bf9  ldexp                          
00001bf9  ldexpl                         
000016d3  leer                           
0000300d  lseek                          
00002335  main                           
00003179  malloc                         
00001d09  memalign                       
000030b5  memccpy                        
0000305d  memchr                         
00002177  memcpy                         
000024d5  memset                         
200007ac  parmbuf                        
000027d9  printf                         
000022a9  putc                           
00002fb9  remove                         
00001bf9  scalbn                         
00001bf9  scalbnl                        
00001461  set_Led                        
00001601  set_PushBoton                  
00001fe9  setvbuf                        
00003103  strchr                         
000030eb  strcmp                         
00003119  strcpy                         
0000312d  strlen                         
00002e85  strncpy                        
00001597  toggle                         
00002fb9  unlink                         
00003141  wcslen                         
00003035  write                          


GLOBAL SYMBOLS: SORTED BY Symbol Address 

address   name                           
-------   ----                           
00000000  __TI_static_base__             
00000000  interruptVectors               
000000e5  __TI_printfi                   
00000200  __STACK_SIZE                   
00000400  __SYSMEM_SIZE                  
00000b33  _nop                           
00000b35  SystemCoreClockUpdate          
00000dad  SystemInit                     
000012a9  __aeabi_dsub                   
000012b3  __aeabi_dadd                   
0000145f  __aeabi_idiv0                  
0000145f  __aeabi_ldiv0                  
00001461  set_Led                        
0000151f  encender                       
0000155b  apagar                         
00001597  toggle                         
00001601  set_PushBoton                  
000016d3  leer                           
00001889  __aeabi_ddiv                   
00001ae5  fputs                          
00001bf9  ldexp                          
00001bf9  ldexpl                         
00001bf9  scalbn                         
00001bf9  scalbnl                        
00001d09  aligned_alloc                  
00001d09  memalign                       
00001e09  __aeabi_dmul                   
00001f05  free                           
00001fe9  setvbuf                        
00002177  __aeabi_memcpy                 
00002177  __aeabi_memcpy4                
00002177  __aeabi_memcpy8                
00002177  memcpy                         
00002213  __aeabi_uldivmod               
000022a9  fputc                          
000022a9  putc                           
00002335  main                           
000023c1  __aeabi_cdcmpeq                
000023c1  __aeabi_cdcmple                
00002447  __aeabi_cdrcmple               
000024cd  __aeabi_memclr                 
000024cd  __aeabi_memclr4                
000024cd  __aeabi_memclr8                
000024cf  __aeabi_memset                 
000024cf  __aeabi_memset4                
000024cf  __aeabi_memset8                
000024d5  memset                         
00002549  __TI_closefile                 
0000269d  HOSTrename                     
00002709  HOSTlseek                      
00002771  __TI_decompress_lzss           
000027d9  printf                         
00002841  frexp                          
00002841  frexpl                         
000028a5  fseek                          
00002909  __TI_wrt_ok                    
0000296d  HOSTopen                       
000029cd  close                          
00002a29  HOSTread                       
00002a81  HOSTwrite                      
00002b2f  __TI_ltoa                      
00002bd5  __TI_doflush                   
00002c21  atoi                           
00002c6d  exit                           
00002cb5  __aeabi_d2iz                   
00002cfd  HOSTclose                      
00002d41  HOSTunlink                     
00002d85  __TI_auto_init_nobinit_nopinit 
00002dc9  getdevice                      
00002e4d  __TI_writemsg                  
00002e7b  C$$IO$$                        
00002e85  strncpy                        
00002ebd  __TI_cleanup                   
00002ef1  __TI_readmsg                   
00002f25  _c_int00_noargs                
00002f59  finddevice                     
00002f89  __aeabi_i2d                    
00002fb9  remove                         
00002fb9  unlink                         
0000300d  lseek                          
00003035  write                          
0000305d  memchr                         
0000307d  __TI_zero_init_nomemset        
000030b5  memccpy                        
000030d1  copysign                       
000030d1  copysignl                      
000030eb  strcmp                         
00003103  strchr                         
00003119  strcpy                         
0000312d  strlen                         
00003141  wcslen                         
00003153  __TI_decompress_none           
00003161  Reset_Handler                  
0000316d  ADC14_IRQHandler               
0000316d  AES256_IRQHandler              
0000316d  BusFault_Handler               
0000316d  COMP_E0_IRQHandler             
0000316d  COMP_E1_IRQHandler             
0000316d  CS_IRQHandler                  
0000316d  DMA_ERR_IRQHandler             
0000316d  DMA_INT0_IRQHandler            
0000316d  DMA_INT1_IRQHandler            
0000316d  DMA_INT2_IRQHandler            
0000316d  DMA_INT3_IRQHandler            
0000316d  DebugMon_Handler               
0000316d  Default_Handler                
0000316d  EUSCIA0_IRQHandler             
0000316d  EUSCIA1_IRQHandler             
0000316d  EUSCIA2_IRQHandler             
0000316d  EUSCIA3_IRQHandler             
0000316d  EUSCIB0_IRQHandler             
0000316d  EUSCIB1_IRQHandler             
0000316d  EUSCIB2_IRQHandler             
0000316d  EUSCIB3_IRQHandler             
0000316d  FLCTL_IRQHandler               
0000316d  FPU_IRQHandler                 
0000316d  HardFault_Handler              
0000316d  MemManage_Handler              
0000316d  NMI_Handler                    
0000316d  PCM_IRQHandler                 
0000316d  PORT1_IRQHandler               
0000316d  PORT2_IRQHandler               
0000316d  PORT3_IRQHandler               
0000316d  PORT4_IRQHandler               
0000316d  PORT5_IRQHandler               
0000316d  PORT6_IRQHandler               
0000316d  PSS_IRQHandler                 
0000316d  PendSV_Handler                 
0000316d  RTC_C_IRQHandler               
0000316d  SVC_Handler                    
0000316d  SysTick_Handler                
0000316d  T32_INT1_IRQHandler            
0000316d  T32_INT2_IRQHandler            
0000316d  T32_INTC_IRQHandler            
0000316d  TA0_0_IRQHandler               
0000316d  TA0_N_IRQHandler               
0000316d  TA1_0_IRQHandler               
0000316d  TA1_N_IRQHandler               
0000316d  TA2_0_IRQHandler               
0000316d  TA2_N_IRQHandler               
0000316d  TA3_0_IRQHandler               
0000316d  TA3_N_IRQHandler               
0000316d  UsageFault_Handler             
0000316d  WDT_A_IRQHandler               
00003171  __aeabi_errno_addr             
00003179  malloc                         
00003189  _system_pre_init               
0000318d  C$$EXIT                        
0000318d  abort                          
00003190  _ctypes_                       
00003308  __TI_Handler_Table_Base        
00003314  __TI_Handler_Table_Limit       
00003320  __TI_CINIT_Base                
00003330  __TI_CINIT_Limit               
20000000  __start___llvm_prf_cnts        
20000000  __stop___llvm_prf_cnts         
20000000  _sys_memory                    
20000400  _ftable                        
200004f0  _device                        
20000568  _stream                        
200005b8  __TI_ft_end                    
200005bc  __aeabi_stdin                  
200005c0  __aeabi_stdout                 
200005c4  __aeabi_stderr                 
200005c8  __TI_cleanup_ptr               
200005cc  __TI_dtors_ptr                 
200005d0  __TI_enable_exit_profile_output
200005d4  _lock                          
200005d8  _unlock                        
200005e4  errno                          
200005e8  SystemCoreClock                
200005ec  __CIOBUF_                      
2000070c  __TI_tmpnams                   
200007ac  parmbuf                        
2000fe00  __stack                        
20010000  __STACK_END                    
4000480c  WDTCTL_SYM                     
ffffffff  __TI_pprof_out_hndl            
ffffffff  __TI_prof_data_size            
ffffffff  __TI_prof_data_start           
ffffffff  __binit__                      
ffffffff  __c_args__                     
ffffffff  binit                          
UNDEFED   __mpu_init                     
UNDEFED   _system_post_cinit             

[185 symbols]
